
╔══════════════════════════════════════════════╗
║  Acode + acodex-server 一键构建部署工具     ║
╚══════════════════════════════════════════════╝
  工作区: C:\Users\vhtmf\source\repos\Acode-All
  动作: full | 构建: debug | 应用: paid | 设备: hdc

▶ 检测构建环境
  ✓ Git: git version 2.51.0.windows.1
  ✓ Node.js: v24.11.1
  ✓ npm: 11.6.2
  ✓ JAVA_HOME: C:\Program Files\Android\openjdk\jdk-21.0.8
  ✓ ANDROID_HOME: C:\Program Files (x86)\Android\android-sdk
  ✓ Android Build Tools 最新版: 36.0.0
  ✓ Gradle: 
  ✓ Rust: rustc 1.93.1 (01f6ddf75 2026-02-11)
  ✓ zig: 0.15.2
  ✓ cargo-zigbuild: cargo-zigbuild 0.22.1
  ✓ Rust musl target: aarch64-unknown-linux-musl

▶ 初始化 Git 子模块（竞速克隆）
  ✓ 子模块已就绪，跳过克隆
  ✓ 子模块已就绪

▶ 交叉编译 proot → Android
  ✓ NDK: C:\Program Files (x86)\Android\android-sdk\ndk\28.2.13676358

▶ 编译 proot arm64 (检测到源码变更)
Remove-Item: C:\Users\vhtmf\source\repos\Acode-All\scripts\构建部署.ps1:2021:28
Line |
2021 |      if (Test-Path $构建目录) { Remove-Item $构建目录 -Recurse -Force }
     |                             ~~~~~~~~~~~~~~~~~~~~~~~~~~~~~~~~~
     | The process cannot access the file
     | 'C:\Users\vhtmf\source\repos\Acode-All\scripts\logs\.build-cache\proot-build\arm64' because it is being
     | used by another process.

  bash run-make.sh
  make: TMPDIR value C:\Users\vhtmf\AppData\Local\Temp\: No such file or directory
  echo "#define HAVE_PROCESS_VM" > .check_process_vm.res
  echo "#define HAVE_SECCOMP_FILTER" > .check_seccomp_filter.res
  C:/PROGRA~2/Android/ANDROI~1/ndk/282~1.136/TOOLCH~1/llvm/prebuilt/WINDOW~1/bin/AA25BE~1.CMD --target=aarch64-linux-android28 --sysroot=C:/PROGRA~2/Android/ANDROI~1/ndk/282~1.136/TOOLCH~1/llvm/prebuilt/WINDOW~1/sysroot -D_FILE_OFFSET_BITS=64 -D_GNU_SOURCE -I. -I/c/Users/vhtmf/source/repos/Acode-All/proot/src -I/c/Users/vhtmf/source/repos/ACODE-~1/scripts/logs/BUILD-~1/TALLOC~1 -DARG_MAX=131072 -Wno-error=implicit-function-declaration -Wall -Wextra -O2 "-DPROOT_UNBUNDLE_LOADER=\"/data/data/com.foxdebug.acode/files\"" -MD -c C:/Users/vhtmf/source/repos/Acode-All/proot/src/execve/enter.c -o execve/enter.o
  C:/PROGRA~2/Android/ANDROI~1/ndk/282~1.136/TOOLCH~1/llvm/prebuilt/WINDOW~1/bin/AA25BE~1.CMD --target=aarch64-linux-android28 --sysroot=C:/PROGRA~2/Android/ANDROI~1/ndk/282~1.136/TOOLCH~1/llvm/prebuilt/WINDOW~1/sysroot -D_FILE_OFFSET_BITS=64 -D_GNU_SOURCE -I. -I/c/Users/vhtmf/source/repos/Acode-All/proot/src -I/c/Users/vhtmf/source/repos/ACODE-~1/scripts/logs/BUILD-~1/TALLOC~1 -DARG_MAX=131072 -Wno-error=implicit-function-declaration -Wall -Wextra -O2 "-DPROOT_UNBUNDLE_LOADER=\"/data/data/com.foxdebug.acode/files\"" -MD -c C:/Users/vhtmf/source/repos/Acode-All/proot/src/cli/note.c -o cli/note.o
  C:/PROGRA~2/Android/ANDROI~1/ndk/282~1.136/TOOLCH~1/llvm/prebuilt/WINDOW~1/bin/AA25BE~1.CMD --target=aarch64-linux-android28 --sysroot=C:/PROGRA~2/Android/ANDROI~1/ndk/282~1.136/TOOLCH~1/llvm/prebuilt/WINDOW~1/sysroot -D_FILE_OFFSET_BITS=64 -D_GNU_SOURCE -I. -I/c/Users/vhtmf/source/repos/Acode-All/proot/src -I/c/Users/vhtmf/source/repos/ACODE-~1/scripts/logs/BUILD-~1/TALLOC~1 -DARG_MAX=131072 -Wno-error=implicit-function-declaration -Wall -Wextra -O2 "-DPROOT_UNBUNDLE_LOADER=\"/data/data/com.foxdebug.acode/files\"" -MD -c C:/Users/vhtmf/source/repos/Acode-All/proot/src/execve/exit.c -o execve/exit.o
  C:/PROGRA~2/Android/ANDROI~1/ndk/282~1.136/TOOLCH~1/llvm/prebuilt/WINDOW~1/bin/AA25BE~1.CMD --target=aarch64-linux-android28 --sysroot=C:/PROGRA~2/Android/ANDROI~1/ndk/282~1.136/TOOLCH~1/llvm/prebuilt/WINDOW~1/sysroot -D_FILE_OFFSET_BITS=64 -D_GNU_SOURCE -I. -I/c/Users/vhtmf/source/repos/Acode-All/proot/src -I/c/Users/vhtmf/source/repos/ACODE-~1/scripts/logs/BUILD-~1/TALLOC~1 -DARG_MAX=131072 -Wno-error=implicit-function-declaration -Wall -Wextra -O2 "-DPROOT_UNBUNDLE_LOADER=\"/data/data/com.foxdebug.acode/files\"" -MD -c C:/Users/vhtmf/source/repos/Acode-All/proot/src/execve/shebang.c -o execve/shebang.o
  C:/PROGRA~2/Android/ANDROI~1/ndk/282~1.136/TOOLCH~1/llvm/prebuilt/WINDOW~1/bin/AA25BE~1.CMD --target=aarch64-linux-android28 --sysroot=C:/PROGRA~2/Android/ANDROI~1/ndk/282~1.136/TOOLCH~1/llvm/prebuilt/WINDOW~1/sysroot -D_FILE_OFFSET_BITS=64 -D_GNU_SOURCE -I. -I/c/Users/vhtmf/source/repos/Acode-All/proot/src -I/c/Users/vhtmf/source/repos/ACODE-~1/scripts/logs/BUILD-~1/TALLOC~1 -DARG_MAX=131072 -Wno-error=implicit-function-declaration -Wall -Wextra -O2 "-DPROOT_UNBUNDLE_LOADER=\"/data/data/com.foxdebug.acode/files\"" -MD -c C:/Users/vhtmf/source/repos/Acode-All/proot/src/execve/elf.c -o execve/elf.o
  C:/PROGRA~2/Android/ANDROI~1/ndk/282~1.136/TOOLCH~1/llvm/prebuilt/WINDOW~1/bin/AA25BE~1.CMD --target=aarch64-linux-android28 --sysroot=C:/PROGRA~2/Android/ANDROI~1/ndk/282~1.136/TOOLCH~1/llvm/prebuilt/WINDOW~1/sysroot -D_FILE_OFFSET_BITS=64 -D_GNU_SOURCE -I. -I/c/Users/vhtmf/source/repos/Acode-All/proot/src -I/c/Users/vhtmf/source/repos/ACODE-~1/scripts/logs/BUILD-~1/TALLOC~1 -DARG_MAX=131072 -Wno-error=implicit-function-declaration -Wall -Wextra -O2 "-DPROOT_UNBUNDLE_LOADER=\"/data/data/com.foxdebug.acode/files\"" -MD -c C:/Users/vhtmf/source/repos/Acode-All/proot/src/execve/ldso.c -o execve/ldso.o
  C:/PROGRA~2/Android/ANDROI~1/ndk/282~1.136/TOOLCH~1/llvm/prebuilt/WINDOW~1/bin/AA25BE~1.CMD --target=aarch64-linux-android28 --sysroot=C:/PROGRA~2/Android/ANDROI~1/ndk/282~1.136/TOOLCH~1/llvm/prebuilt/WINDOW~1/sysroot -D_FILE_OFFSET_BITS=64 -D_GNU_SOURCE -I. -I/c/Users/vhtmf/source/repos/Acode-All/proot/src -I/c/Users/vhtmf/source/repos/ACODE-~1/scripts/logs/BUILD-~1/TALLOC~1 -DARG_MAX=131072 -Wno-error=implicit-function-declaration -Wall -Wextra -O2 "-DPROOT_UNBUNDLE_LOADER=\"/data/data/com.foxdebug.acode/files\"" -MD -c C:/Users/vhtmf/source/repos/Acode-All/proot/src/execve/auxv.c -o execve/auxv.o
  C:/PROGRA~2/Android/ANDROI~1/ndk/282~1.136/TOOLCH~1/llvm/prebuilt/WINDOW~1/bin/AA25BE~1.CMD --target=aarch64-linux-android28 --sysroot=C:/PROGRA~2/Android/ANDROI~1/ndk/282~1.136/TOOLCH~1/llvm/prebuilt/WINDOW~1/sysroot -D_FILE_OFFSET_BITS=64 -D_GNU_SOURCE -I. -I/c/Users/vhtmf/source/repos/Acode-All/proot/src -I/c/Users/vhtmf/source/repos/ACODE-~1/scripts/logs/BUILD-~1/TALLOC~1 -DARG_MAX=131072 -Wno-error=implicit-function-declaration -Wall -Wextra -O2 "-DPROOT_UNBUNDLE_LOADER=\"/data/data/com.foxdebug.acode/files\"" -MD -c C:/Users/vhtmf/source/repos/Acode-All/proot/src/path/binding.c -o path/binding.o
  C:/Users/vhtmf/source/repos/Acode-All/proot/src/execve/ldso.c:108:8: warning: variable 'is_known' set but not used [-Wunused-but-set-variable]
    108 |                 bool is_known = false;
        |                      ^
  C:/PROGRA~2/Android/ANDROI~1/ndk/282~1.136/TOOLCH~1/llvm/prebuilt/WINDOW~1/bin/AA25BE~1.CMD --target=aarch64-linux-android28 --sysroot=C:/PROGRA~2/Android/ANDROI~1/ndk/282~1.136/TOOLCH~1/llvm/prebuilt/WINDOW~1/sysroot -D_FILE_OFFSET_BITS=64 -D_GNU_SOURCE -I. -I/c/Users/vhtmf/source/repos/Acode-All/proot/src -I/c/Users/vhtmf/source/repos/ACODE-~1/scripts/logs/BUILD-~1/TALLOC~1 -DARG_MAX=131072 -Wno-error=implicit-function-declaration -Wall -Wextra -O2 "-DPROOT_UNBUNDLE_LOADER=\"/data/data/com.foxdebug.acode/files\"" -MD -c C:/Users/vhtmf/source/repos/Acode-All/proot/src/path/glue.c -o path/glue.o
  1 warning generated.
  C:/PROGRA~2/Android/ANDROI~1/ndk/282~1.136/TOOLCH~1/llvm/prebuilt/WINDOW~1/bin/AA25BE~1.CMD --target=aarch64-linux-android28 --sysroot=C:/PROGRA~2/Android/ANDROI~1/ndk/282~1.136/TOOLCH~1/llvm/prebuilt/WINDOW~1/sysroot -D_FILE_OFFSET_BITS=64 -D_GNU_SOURCE -I. -I/c/Users/vhtmf/source/repos/Acode-All/proot/src -I/c/Users/vhtmf/source/repos/ACODE-~1/scripts/logs/BUILD-~1/TALLOC~1 -DARG_MAX=131072 -Wno-error=implicit-function-declaration -Wall -Wextra -O2 "-DPROOT_UNBUNDLE_LOADER=\"/data/data/com.foxdebug.acode/files\"" -MD -c C:/Users/vhtmf/source/repos/Acode-All/proot/src/path/canon.c -o path/canon.o
  C:/PROGRA~2/Android/ANDROI~1/ndk/282~1.136/TOOLCH~1/llvm/prebuilt/WINDOW~1/bin/AA25BE~1.CMD --target=aarch64-linux-android28 --sysroot=C:/PROGRA~2/Android/ANDROI~1/ndk/282~1.136/TOOLCH~1/llvm/prebuilt/WINDOW~1/sysroot -D_FILE_OFFSET_BITS=64 -D_GNU_SOURCE -I. -I/c/Users/vhtmf/source/repos/Acode-All/proot/src -I/c/Users/vhtmf/source/repos/ACODE-~1/scripts/logs/BUILD-~1/TALLOC~1 -DARG_MAX=131072 -Wno-error=implicit-function-declaration -Wall -Wextra -O2 "-DPROOT_UNBUNDLE_LOADER=\"/data/data/com.foxdebug.acode/files\"" -MD -c C:/Users/vhtmf/source/repos/Acode-All/proot/src/path/f2fs-bug.c -o path/f2fs-bug.o
  C:/PROGRA~2/Android/ANDROI~1/ndk/282~1.136/TOOLCH~1/llvm/prebuilt/WINDOW~1/bin/AA25BE~1.CMD --target=aarch64-linux-android28 --sysroot=C:/PROGRA~2/Android/ANDROI~1/ndk/282~1.136/TOOLCH~1/llvm/prebuilt/WINDOW~1/sysroot -D_FILE_OFFSET_BITS=64 -D_GNU_SOURCE -I. -I/c/Users/vhtmf/source/repos/Acode-All/proot/src -I/c/Users/vhtmf/source/repos/ACODE-~1/scripts/logs/BUILD-~1/TALLOC~1 -DARG_MAX=131072 -Wno-error=implicit-function-declaration -Wall -Wextra -O2 "-DPROOT_UNBUNDLE_LOADER=\"/data/data/com.foxdebug.acode/files\"" -MD -c C:/Users/vhtmf/source/repos/Acode-All/proot/src/path/proc.c -o path/proc.o
  C:/PROGRA~2/Android/ANDROI~1/ndk/282~1.136/TOOLCH~1/llvm/prebuilt/WINDOW~1/bin/AA25BE~1.CMD --target=aarch64-linux-android28 --sysroot=C:/PROGRA~2/Android/ANDROI~1/ndk/282~1.136/TOOLCH~1/llvm/prebuilt/WINDOW~1/sysroot -D_FILE_OFFSET_BITS=64 -D_GNU_SOURCE -I. -I/c/Users/vhtmf/source/repos/Acode-All/proot/src -I/c/Users/vhtmf/source/repos/ACODE-~1/scripts/logs/BUILD-~1/TALLOC~1 -DARG_MAX=131072 -Wno-error=implicit-function-declaration -Wall -Wextra -O2 "-DPROOT_UNBUNDLE_LOADER=\"/data/data/com.foxdebug.acode/files\"" -MD -c C:/Users/vhtmf/source/repos/Acode-All/proot/src/path/temp.c -o path/temp.o
  C:/PROGRA~2/Android/ANDROI~1/ndk/282~1.136/TOOLCH~1/llvm/prebuilt/WINDOW~1/bin/AA25BE~1.CMD --target=aarch64-linux-android28 --sysroot=C:/PROGRA~2/Android/ANDROI~1/ndk/282~1.136/TOOLCH~1/llvm/prebuilt/WINDOW~1/sysroot -D_FILE_OFFSET_BITS=64 -D_GNU_SOURCE -I. -I/c/Users/vhtmf/source/repos/Acode-All/proot/src -I/c/Users/vhtmf/source/repos/ACODE-~1/scripts/logs/BUILD-~1/TALLOC~1 -DARG_MAX=131072 -Wno-error=implicit-function-declaration -Wall -Wextra -O2 "-DPROOT_UNBUNDLE_LOADER=\"/data/data/com.foxdebug.acode/files\"" -MD -c C:/Users/vhtmf/source/repos/Acode-All/proot/src/syscall/syscall.c -o syscall/syscall.o
  C:/PROGRA~2/Android/ANDROI~1/ndk/282~1.136/TOOLCH~1/llvm/prebuilt/WINDOW~1/bin/AA25BE~1.CMD --target=aarch64-linux-android28 --sysroot=C:/PROGRA~2/Android/ANDROI~1/ndk/282~1.136/TOOLCH~1/llvm/prebuilt/WINDOW~1/sysroot -D_FILE_OFFSET_BITS=64 -D_GNU_SOURCE -I. -I/c/Users/vhtmf/source/repos/Acode-All/proot/src -I/c/Users/vhtmf/source/repos/ACODE-~1/scripts/logs/BUILD-~1/TALLOC~1 -DARG_MAX=131072 -Wno-error=implicit-function-declaration -Wall -Wextra -O2 "-DPROOT_UNBUNDLE_LOADER=\"/data/data/com.foxdebug.acode/files\"" -MD -c C:/Users/vhtmf/source/repos/Acode-All/proot/src/syscall/chain.c -o syscall/chain.o
  C:/PROGRA~2/Android/ANDROI~1/ndk/282~1.136/TOOLCH~1/llvm/prebuilt/WINDOW~1/bin/AA25BE~1.CMD --target=aarch64-linux-android28 --sysroot=C:/PROGRA~2/Android/ANDROI~1/ndk/282~1.136/TOOLCH~1/llvm/prebuilt/WINDOW~1/sysroot -D_FILE_OFFSET_BITS=64 -D_GNU_SOURCE -I. -I/c/Users/vhtmf/source/repos/Acode-All/proot/src -I/c/Users/vhtmf/source/repos/ACODE-~1/scripts/logs/BUILD-~1/TALLOC~1 -DARG_MAX=131072 -Wno-error=implicit-function-declaration -Wall -Wextra -O2 "-DPROOT_UNBUNDLE_LOADER=\"/data/data/com.foxdebug.acode/files\"" -MD -c C:/Users/vhtmf/source/repos/Acode-All/proot/src/syscall/enter.c -o syscall/enter.o
  C:/Users/vhtmf/source/repos/Acode-All/proot/src/path/glue.c:76:14: warning: 'talloc_autofree_context' is deprecated [-Wdeprecated-declarations]
     76 |         autofreed = talloc_autofree_context();
        |                     ^
  C:/Users/vhtmf/source/repos/ACODE-~1/scripts/logs/BUILD-~1/TALLOC~1/talloc.h:1084:46: note: 'talloc_autofree_context' has been explicitly marked deprecated here
   1084 | _PUBLIC_ void *talloc_autofree_context(void) _DEPRECATED_;
        |                                              ^
  C:/Users/vhtmf/source/repos/ACODE-~1/scripts/logs/BUILD-~1/TALLOC~1/talloc.h:119:38: note: expanded from macro '_DEPRECATED_'
    119 | #define _DEPRECATED_ __attribute__ ((deprecated))
        |                                      ^
  1 warning generated.
  C:/PROGRA~2/Android/ANDROI~1/ndk/282~1.136/TOOLCH~1/llvm/prebuilt/WINDOW~1/bin/AA25BE~1.CMD --target=aarch64-linux-android28 --sysroot=C:/PROGRA~2/Android/ANDROI~1/ndk/282~1.136/TOOLCH~1/llvm/prebuilt/WINDOW~1/sysroot -D_FILE_OFFSET_BITS=64 -D_GNU_SOURCE -I. -I/c/Users/vhtmf/source/repos/Acode-All/proot/src -I/c/Users/vhtmf/source/repos/ACODE-~1/scripts/logs/BUILD-~1/TALLOC~1 -DARG_MAX=131072 -Wno-error=implicit-function-declaration -Wall -Wextra -O2 "-DPROOT_UNBUNDLE_LOADER=\"/data/data/com.foxdebug.acode/files\"" -MD -c C:/Users/vhtmf/source/repos/Acode-All/proot/src/syscall/sysnum.c -o syscall/sysnum.o
  C:/PROGRA~2/Android/ANDROI~1/ndk/282~1.136/TOOLCH~1/llvm/prebuilt/WINDOW~1/bin/AA25BE~1.CMD --target=aarch64-linux-android28 --sysroot=C:/PROGRA~2/Android/ANDROI~1/ndk/282~1.136/TOOLCH~1/llvm/prebuilt/WINDOW~1/sysroot -D_FILE_OFFSET_BITS=64 -D_GNU_SOURCE -I. -I/c/Users/vhtmf/source/repos/Acode-All/proot/src -I/c/Users/vhtmf/source/repos/ACODE-~1/scripts/logs/BUILD-~1/TALLOC~1 -DARG_MAX=131072 -Wno-error=implicit-function-declaration -Wall -Wextra -O2 "-DPROOT_UNBUNDLE_LOADER=\"/data/data/com.foxdebug.acode/files\"" -MD -c C:/Users/vhtmf/source/repos/Acode-All/proot/src/syscall/exit.c -o syscall/exit.o
  C:/PROGRA~2/Android/ANDROI~1/ndk/282~1.136/TOOLCH~1/llvm/prebuilt/WINDOW~1/bin/AA25BE~1.CMD --target=aarch64-linux-android28 --sysroot=C:/PROGRA~2/Android/ANDROI~1/ndk/282~1.136/TOOLCH~1/llvm/prebuilt/WINDOW~1/sysroot -D_FILE_OFFSET_BITS=64 -D_GNU_SOURCE -I. -I/c/Users/vhtmf/source/repos/Acode-All/proot/src -I/c/Users/vhtmf/source/repos/ACODE-~1/scripts/logs/BUILD-~1/TALLOC~1 -DARG_MAX=131072 -Wno-error=implicit-function-declaration -Wall -Wextra -O2 "-DPROOT_UNBUNDLE_LOADER=\"/data/data/com.foxdebug.acode/files\"" -MD -c C:/Users/vhtmf/source/repos/Acode-All/proot/src/syscall/socket.c -o syscall/socket.o
  C:/Users/vhtmf/source/repos/Acode-All/proot/src/path/temp.c:37:33: warning: 'talloc_autofree_context' is deprecated [-Wdeprecated-declarations]
     37 |         temp_directory = talloc_strdup(talloc_autofree_context(), tmp);
        |                                        ^
  C:/Users/vhtmf/source/repos/ACODE-~1/scripts/logs/BUILD-~1/TALLOC~1/talloc.h:1084:46: note: 'talloc_autofree_context' has been explicitly marked deprecated here
   1084 | _PUBLIC_ void *talloc_autofree_context(void) _DEPRECATED_;
        |                                              ^
  C:/Users/vhtmf/source/repos/ACODE-~1/scripts/logs/BUILD-~1/TALLOC~1/talloc.h:119:38: note: expanded from macro '_DEPRECATED_'
    119 | #define _DEPRECATED_ __attribute__ ((deprecated))
        |                                      ^
  C:/Users/vhtmf/source/repos/Acode-All/proot/src/path/temp.c:266:13: warning: 'talloc_autofree_context' is deprecated [-Wdeprecated-declarations]
    266 |                 context = talloc_autofree_context();
        |                           ^
  C:/Users/vhtmf/source/repos/ACODE-~1/scripts/logs/BUILD-~1/TALLOC~1/talloc.h:1084:46: note: 'talloc_autofree_context' has been explicitly marked deprecated here
   1084 | _PUBLIC_ void *talloc_autofree_context(void) _DEPRECATED_;
        |                                              ^
  C:/Users/vhtmf/source/repos/ACODE-~1/scripts/logs/BUILD-~1/TALLOC~1/talloc.h:119:38: note: expanded from macro '_DEPRECATED_'
    119 | #define _DEPRECATED_ __attribute__ ((deprecated))
        |                                      ^
  2 warnings generated.
  C:/PROGRA~2/Android/ANDROI~1/ndk/282~1.136/TOOLCH~1/llvm/prebuilt/WINDOW~1/bin/AA25BE~1.CMD --target=aarch64-linux-android28 --sysroot=C:/PROGRA~2/Android/ANDROI~1/ndk/282~1.136/TOOLCH~1/llvm/prebuilt/WINDOW~1/sysroot -D_FILE_OFFSET_BITS=64 -D_GNU_SOURCE -I. -I/c/Users/vhtmf/source/repos/Acode-All/proot/src -I/c/Users/vhtmf/source/repos/ACODE-~1/scripts/logs/BUILD-~1/TALLOC~1 -DARG_MAX=131072 -Wno-error=implicit-function-declaration -Wall -Wextra -O2 "-DPROOT_UNBUNDLE_LOADER=\"/data/data/com.foxdebug.acode/files\"" -MD -c C:/Users/vhtmf/source/repos/Acode-All/proot/src/syscall/heap.c -o syscall/heap.o
  C:/PROGRA~2/Android/ANDROI~1/ndk/282~1.136/TOOLCH~1/llvm/prebuilt/WINDOW~1/bin/AA25BE~1.CMD --target=aarch64-linux-android28 --sysroot=C:/PROGRA~2/Android/ANDROI~1/ndk/282~1.136/TOOLCH~1/llvm/prebuilt/WINDOW~1/sysroot -D_FILE_OFFSET_BITS=64 -D_GNU_SOURCE -I. -I/c/Users/vhtmf/source/repos/Acode-All/proot/src -I/c/Users/vhtmf/source/repos/ACODE-~1/scripts/logs/BUILD-~1/TALLOC~1 -DARG_MAX=131072 -Wno-error=implicit-function-declaration -Wall -Wextra -O2 "-DPROOT_UNBUNDLE_LOADER=\"/data/data/com.foxdebug.acode/files\"" -MD -c C:/Users/vhtmf/source/repos/Acode-All/proot/src/syscall/rlimit.c -o syscall/rlimit.o
  C:/PROGRA~2/Android/ANDROI~1/ndk/282~1.136/TOOLCH~1/llvm/prebuilt/WINDOW~1/bin/AA25BE~1.CMD --target=aarch64-linux-android28 --sysroot=C:/PROGRA~2/Android/ANDROI~1/ndk/282~1.136/TOOLCH~1/llvm/prebuilt/WINDOW~1/sysroot -D_FILE_OFFSET_BITS=64 -D_GNU_SOURCE -I. -I/c/Users/vhtmf/source/repos/Acode-All/proot/src -I/c/Users/vhtmf/source/repos/ACODE-~1/scripts/logs/BUILD-~1/TALLOC~1 -DARG_MAX=131072 -Wno-error=implicit-function-declaration -Wall -Wextra -O2 "-DPROOT_UNBUNDLE_LOADER=\"/data/data/com.foxdebug.acode/files\"" -MD -c C:/Users/vhtmf/source/repos/Acode-All/proot/src/tracee/tracee.c -o tracee/tracee.o
  C:/PROGRA~2/Android/ANDROI~1/ndk/282~1.136/TOOLCH~1/llvm/prebuilt/WINDOW~1/bin/AA25BE~1.CMD --target=aarch64-linux-android28 --sysroot=C:/PROGRA~2/Android/ANDROI~1/ndk/282~1.136/TOOLCH~1/llvm/prebuilt/WINDOW~1/sysroot -D_FILE_OFFSET_BITS=64 -D_GNU_SOURCE -I. -I/c/Users/vhtmf/source/repos/Acode-All/proot/src -I/c/Users/vhtmf/source/repos/ACODE-~1/scripts/logs/BUILD-~1/TALLOC~1 -DARG_MAX=131072 -Wno-error=implicit-function-declaration -Wall -Wextra -O2 "-DPROOT_UNBUNDLE_LOADER=\"/data/data/com.foxdebug.acode/files\"" -MD -c C:/Users/vhtmf/source/repos/Acode-All/proot/src/tracee/event.c -o tracee/event.o
  C:/PROGRA~2/Android/ANDROI~1/ndk/282~1.136/TOOLCH~1/llvm/prebuilt/WINDOW~1/bin/AA25BE~1.CMD --target=aarch64-linux-android28 --sysroot=C:/PROGRA~2/Android/ANDROI~1/ndk/282~1.136/TOOLCH~1/llvm/prebuilt/WINDOW~1/sysroot -D_FILE_OFFSET_BITS=64 -D_GNU_SOURCE -I. -I/c/Users/vhtmf/source/repos/Acode-All/proot/src -I/c/Users/vhtmf/source/repos/ACODE-~1/scripts/logs/BUILD-~1/TALLOC~1 -DARG_MAX=131072 -Wno-error=implicit-function-declaration -Wall -Wextra -O2 "-DPROOT_UNBUNDLE_LOADER=\"/data/data/com.foxdebug.acode/files\"" -MD -c C:/Users/vhtmf/source/repos/Acode-All/proot/src/tracee/reg.c -o tracee/reg.o
  C:/Users/vhtmf/source/repos/Acode-All/proot/src/syscall/socket.c:123:10: warning: 'mktemp' is deprecated: mktemp is unsafe, use mkstemp or tmpfile instead [-Wdeprecated-declarations]
    123 |                 (void) mktemp(shorter_host_path);
        |                        ^
  C:/PROGRA~2/Android/ANDROI~1/ndk/282~1.136/TOOLCH~1/llvm/prebuilt/WINDOW~1/sysroot/usr/include/stdlib.h:61:66: note: 'mktemp' has been explicitly marked deprecated here
     61 | char* _Nullable mktemp(char* _Nonnull __template) __attribute__((__deprecated__("mktemp is unsafe, use mkstemp or tmpfile instead")));
        |                                                                  ^
  1 warning generated.
  C:/PROGRA~2/Android/ANDROI~1/ndk/282~1.136/TOOLCH~1/llvm/prebuilt/WINDOW~1/bin/AA25BE~1.CMD --target=aarch64-linux-android28 --sysroot=C:/PROGRA~2/Android/ANDROI~1/ndk/282~1.136/TOOLCH~1/llvm/prebuilt/WINDOW~1/sysroot -D_FILE_OFFSET_BITS=64 -D_GNU_SOURCE -I. -I/c/Users/vhtmf/source/repos/Acode-All/proot/src -I/c/Users/vhtmf/source/repos/ACODE-~1/scripts/logs/BUILD-~1/TALLOC~1 -DARG_MAX=131072 -Wno-error=implicit-function-declaration -Wall -Wextra -O2 "-DPROOT_UNBUNDLE_LOADER=\"/data/data/com.foxdebug.acode/files\"" -MD -c C:/Users/vhtmf/source/repos/Acode-All/proot/src/tracee/seccomp.c -o tracee/seccomp.o
  C:/PROGRA~2/Android/ANDROI~1/ndk/282~1.136/TOOLCH~1/llvm/prebuilt/WINDOW~1/bin/AA25BE~1.CMD --target=aarch64-linux-android28 --sysroot=C:/PROGRA~2/Android/ANDROI~1/ndk/282~1.136/TOOLCH~1/llvm/prebuilt/WINDOW~1/sysroot -D_FILE_OFFSET_BITS=64 -D_GNU_SOURCE -I. -I/c/Users/vhtmf/source/repos/Acode-All/proot/src -I/c/Users/vhtmf/source/repos/ACODE-~1/scripts/logs/BUILD-~1/TALLOC~1 -DARG_MAX=131072 -Wno-error=implicit-function-declaration -Wall -Wextra -O2 "-DPROOT_UNBUNDLE_LOADER=\"/data/data/com.foxdebug.acode/files\"" -MD -c C:/Users/vhtmf/source/repos/Acode-All/proot/src/tracee/statx.c -o tracee/statx.o
  C:/PROGRA~2/Android/ANDROI~1/ndk/282~1.136/TOOLCH~1/llvm/prebuilt/WINDOW~1/bin/AA25BE~1.CMD --target=aarch64-linux-android28 --sysroot=C:/PROGRA~2/Android/ANDROI~1/ndk/282~1.136/TOOLCH~1/llvm/prebuilt/WINDOW~1/sysroot -D_FILE_OFFSET_BITS=64 -D_GNU_SOURCE -I. -I/c/Users/vhtmf/source/repos/Acode-All/proot/src -I/c/Users/vhtmf/source/repos/ACODE-~1/scripts/logs/BUILD-~1/TALLOC~1 -DARG_MAX=131072 -Wno-error=implicit-function-declaration -Wall -Wextra -O2 "-DPROOT_UNBUNDLE_LOADER=\"/data/data/com.foxdebug.acode/files\"" -MD -c C:/Users/vhtmf/source/repos/Acode-All/proot/src/ptrace/ptrace.c -o ptrace/ptrace.o
  C:/PROGRA~2/Android/ANDROI~1/ndk/282~1.136/TOOLCH~1/llvm/prebuilt/WINDOW~1/bin/AA25BE~1.CMD --target=aarch64-linux-android28 --sysroot=C:/PROGRA~2/Android/ANDROI~1/ndk/282~1.136/TOOLCH~1/llvm/prebuilt/WINDOW~1/sysroot -D_FILE_OFFSET_BITS=64 -D_GNU_SOURCE -I. -I/c/Users/vhtmf/source/repos/Acode-All/proot/src -I/c/Users/vhtmf/source/repos/ACODE-~1/scripts/logs/BUILD-~1/TALLOC~1 -DARG_MAX=131072 -Wno-error=implicit-function-declaration -Wall -Wextra -O2 "-DPROOT_UNBUNDLE_LOADER=\"/data/data/com.foxdebug.acode/files\"" -MD -c C:/Users/vhtmf/source/repos/Acode-All/proot/src/ptrace/user.c -o ptrace/user.o
  C:/PROGRA~2/Android/ANDROI~1/ndk/282~1.136/TOOLCH~1/llvm/prebuilt/WINDOW~1/bin/AA25BE~1.CMD --target=aarch64-linux-android28 --sysroot=C:/PROGRA~2/Android/ANDROI~1/ndk/282~1.136/TOOLCH~1/llvm/prebuilt/WINDOW~1/sysroot -D_FILE_OFFSET_BITS=64 -D_GNU_SOURCE -I. -I/c/Users/vhtmf/source/repos/Acode-All/proot/src -I/c/Users/vhtmf/source/repos/ACODE-~1/scripts/logs/BUILD-~1/TALLOC~1 -DARG_MAX=131072 -Wno-error=implicit-function-declaration -Wall -Wextra -O2 "-DPROOT_UNBUNDLE_LOADER=\"/data/data/com.foxdebug.acode/files\"" -MD -c C:/Users/vhtmf/source/repos/Acode-All/proot/src/ptrace/wait.c -o ptrace/wait.o
  C:/Users/vhtmf/source/repos/Acode-All/proot/src/tracee/event.c:670:95: warning: comparison of integers of different signs: 'int' and 'word_t' (aka 'unsigned long') [-Wsign-compare]
    670 |                                 if (tracee->skip_next_seccomp_signal || (seccomp_after_ptrace_enter && siginfo.si_syscall == SYSCALL_AVOIDER)) {
        |                                                                                                        ~~~~~~~~~~~~~~~~~~ ^  ~~~~~~~~~~~~~~~
  C:/PROGRA~2/Android/ANDROI~1/ndk/282~1.136/TOOLCH~1/llvm/prebuilt/WINDOW~1/bin/AA25BE~1.CMD --target=aarch64-linux-android28 --sysroot=C:/PROGRA~2/Android/ANDROI~1/ndk/282~1.136/TOOLCH~1/llvm/prebuilt/WINDOW~1/sysroot -D_FILE_OFFSET_BITS=64 -D_GNU_SOURCE -I. -I/c/Users/vhtmf/source/repos/Acode-All/proot/src -I/c/Users/vhtmf/source/repos/ACODE-~1/scripts/logs/BUILD-~1/TALLOC~1 -DARG_MAX=131072 -Wno-error=implicit-function-declaration -Wall -Wextra -O2 "-DPROOT_UNBUNDLE_LOADER=\"/data/data/com.foxdebug.acode/files\"" -MD -c C:/Users/vhtmf/source/repos/Acode-All/proot/src/extension/ashmem_memfd/ashmem_memfd.c -o extension/ashmem_memfd/ashmem_memfd.o
  1 warning generated.
  C:/PROGRA~2/Android/ANDROI~1/ndk/282~1.136/TOOLCH~1/llvm/prebuilt/WINDOW~1/bin/AA25BE~1.CMD --target=aarch64-linux-android28 --sysroot=C:/PROGRA~2/Android/ANDROI~1/ndk/282~1.136/TOOLCH~1/llvm/prebuilt/WINDOW~1/sysroot -D_FILE_OFFSET_BITS=64 -D_GNU_SOURCE -I. -I/c/Users/vhtmf/source/repos/Acode-All/proot/src -I/c/Users/vhtmf/source/repos/ACODE-~1/scripts/logs/BUILD-~1/TALLOC~1 -DARG_MAX=131072 -Wno-error=implicit-function-declaration -Wall -Wextra -O2 "-DPROOT_UNBUNDLE_LOADER=\"/data/data/com.foxdebug.acode/files\"" -MD -c C:/Users/vhtmf/source/repos/Acode-All/proot/src/extension/kompat/kompat.c -o extension/kompat/kompat.o
  C:/Users/vhtmf/source/repos/Acode-All/proot/src/tracee/seccomp.c:243:7: warning: variable 'status' set but not used [-Wunused-but-set-variable]
    243 |                 int status;
        |                     ^
  C:/Users/vhtmf/source/repos/Acode-All/proot/src/tracee/seccomp.c:551:29: warning: comparison of integers of different signs: 'gid_t' (aka 'unsigned int') and 'int' [-Wsign-compare]
    551 |                 if (rxid != rxid_ && rxid != -1)
        |                                      ~~~~ ^  ~~
  C:/Users/vhtmf/source/repos/Acode-All/proot/src/tracee/seccomp.c:553:29: warning: comparison of integers of different signs: 'gid_t' (aka 'unsigned int') and 'int' [-Wsign-compare]
    553 |                 if (exid != exid_ && exid != -1)
        |                                      ~~~~ ^  ~~
  C:/Users/vhtmf/source/repos/Acode-All/proot/src/tracee/seccomp.c:555:29: warning: comparison of integers of different signs: 'gid_t' (aka 'unsigned int') and 'int' [-Wsign-compare]
    555 |                 if (sxid != sxid_ && sxid != -1)
        |                                      ~~~~ ^  ~~
  C:/Users/vhtmf/source/repos/Acode-All/proot/src/tracee/seccomp.c:544:12: warning: variable 'ret' is used uninitialized whenever 'if' condition is false [-Wsometimes-uninitialized]
    544 |                 else if (sysnum == PR_setresgid)
        |                          ^~~~~~~~~~~~~~~~~~~~~~
  C:/Users/vhtmf/source/repos/Acode-All/proot/src/tracee/seccomp.c:546:7: note: uninitialized use occurs here
    546 |                 if (ret) {  // EFAULT = address outside address space
        |                     ^~~
  C:/Users/vhtmf/source/repos/Acode-All/proot/src/tracee/seccomp.c:544:8: note: remove the 'if' if its condition is always true
    544 |                 else if (sysnum == PR_setresgid)
        |                      ^~~~~~~~~~~~~~~~~~~~~~~~~~~
    545 |                         ret = getresgid(&rxid_, &exid_, &sxid_);
  C:/Users/vhtmf/source/repos/Acode-All/proot/src/tracee/seccomp.c:120:9: note: initialize the variable 'ret' to silence this warning
    120 |         int ret;
        |                ^
        |                 = 0
  C:/PROGRA~2/Android/ANDROI~1/ndk/282~1.136/TOOLCH~1/llvm/prebuilt/WINDOW~1/bin/AA25BE~1.CMD --target=aarch64-linux-android28 --sysroot=C:/PROGRA~2/Android/ANDROI~1/ndk/282~1.136/TOOLCH~1/llvm/prebuilt/WINDOW~1/sysroot -D_FILE_OFFSET_BITS=64 -D_GNU_SOURCE -I. -I/c/Users/vhtmf/source/repos/Acode-All/proot/src -I/c/Users/vhtmf/source/repos/ACODE-~1/scripts/logs/BUILD-~1/TALLOC~1 -DARG_MAX=131072 -Wno-error=implicit-function-declaration -Wall -Wextra -O2 "-DPROOT_UNBUNDLE_LOADER=\"/data/data/com.foxdebug.acode/files\"" -MD -c C:/Users/vhtmf/source/repos/Acode-All/proot/src/extension/fake_id0/chown.c -o extension/fake_id0/chown.o
  5 warnings generated.
  C:/PROGRA~2/Android/ANDROI~1/ndk/282~1.136/TOOLCH~1/llvm/prebuilt/WINDOW~1/bin/AA25BE~1.CMD --target=aarch64-linux-android28 --sysroot=C:/PROGRA~2/Android/ANDROI~1/ndk/282~1.136/TOOLCH~1/llvm/prebuilt/WINDOW~1/sysroot -D_FILE_OFFSET_BITS=64 -D_GNU_SOURCE -I. -I/c/Users/vhtmf/source/repos/Acode-All/proot/src -I/c/Users/vhtmf/source/repos/ACODE-~1/scripts/logs/BUILD-~1/TALLOC~1 -DARG_MAX=131072 -Wno-error=implicit-function-declaration -Wall -Wextra -O2 "-DPROOT_UNBUNDLE_LOADER=\"/data/data/com.foxdebug.acode/files\"" -MD -c C:/Users/vhtmf/source/repos/Acode-All/proot/src/extension/fake_id0/chroot.c -o extension/fake_id0/chroot.o
  C:/PROGRA~2/Android/ANDROI~1/ndk/282~1.136/TOOLCH~1/llvm/prebuilt/WINDOW~1/bin/AA25BE~1.CMD --target=aarch64-linux-android28 --sysroot=C:/PROGRA~2/Android/ANDROI~1/ndk/282~1.136/TOOLCH~1/llvm/prebuilt/WINDOW~1/sysroot -D_FILE_OFFSET_BITS=64 -D_GNU_SOURCE -I. -I/c/Users/vhtmf/source/repos/Acode-All/proot/src -I/c/Users/vhtmf/source/repos/ACODE-~1/scripts/logs/BUILD-~1/TALLOC~1 -DARG_MAX=131072 -Wno-error=implicit-function-declaration -Wall -Wextra -O2 "-DPROOT_UNBUNDLE_LOADER=\"/data/data/com.foxdebug.acode/files\"" -MD -c C:/Users/vhtmf/source/repos/Acode-All/proot/src/extension/fake_id0/getsockopt.c -o extension/fake_id0/getsockopt.o
  C:/Users/vhtmf/source/repos/Acode-All/proot/src/extension/ashmem_memfd/ashmem_memfd.c:40:12: warning: call to undeclared library function 'strcmp' with type 'int (const char *, const char *)'; ISO C99 and later do not support implicit function declarations [-Wimplicit-function-declaration]
     40 |                 if (0 == strcmp(assume_unsupported, "1")) {
        |                          ^
  C:/Users/vhtmf/source/repos/Acode-All/proot/src/extension/ashmem_memfd/ashmem_memfd.c:40:12: note: include the header <string.h> or explicitly provide a declaration for 'strcmp'
  C:/Users/vhtmf/source/repos/Acode-All/proot/src/extension/ashmem_memfd/ashmem_memfd.c:177:3: warning: call to undeclared library function 'memset' with type 'void *(void *, int, unsigned long)'; ISO C99 and later do not support implicit function declarations [-Wimplicit-function-declaration]
    177 |                 memset(state, 0, sizeof(*state));
        |                 ^
  C:/Users/vhtmf/source/repos/Acode-All/proot/src/extension/ashmem_memfd/ashmem_memfd.c:177:3: note: include the header <string.h> or explicitly provide a declaration for 'memset'
  C:/Users/vhtmf/source/repos/Acode-All/proot/src/extension/ashmem_memfd/ashmem_memfd.c:170:96: warning: unused parameter 'data2' [-Wunused-parameter]
    170 | int ashmem_memfd_callback(Extension *extension, ExtensionEvent event, intptr_t data1, intptr_t data2)
        |                                                                                                ^
  3 warnings generated.
  C:/PROGRA~2/Android/ANDROI~1/ndk/282~1.136/TOOLCH~1/llvm/prebuilt/WINDOW~1/bin/AA25BE~1.CMD --target=aarch64-linux-android28 --sysroot=C:/PROGRA~2/Android/ANDROI~1/ndk/282~1.136/TOOLCH~1/llvm/prebuilt/WINDOW~1/sysroot -D_FILE_OFFSET_BITS=64 -D_GNU_SOURCE -I. -I/c/Users/vhtmf/source/repos/Acode-All/proot/src -I/c/Users/vhtmf/source/repos/ACODE-~1/scripts/logs/BUILD-~1/TALLOC~1 -DARG_MAX=131072 -Wno-error=implicit-function-declaration -Wall -Wextra -O2 "-DPROOT_UNBUNDLE_LOADER=\"/data/data/com.foxdebug.acode/files\"" -MD -c C:/Users/vhtmf/source/repos/Acode-All/proot/src/extension/fake_id0/sendmsg.c -o extension/fake_id0/sendmsg.o
  C:/PROGRA~2/Android/ANDROI~1/ndk/282~1.136/TOOLCH~1/llvm/prebuilt/WINDOW~1/bin/AA25BE~1.CMD --target=aarch64-linux-android28 --sysroot=C:/PROGRA~2/Android/ANDROI~1/ndk/282~1.136/TOOLCH~1/llvm/prebuilt/WINDOW~1/sysroot -D_FILE_OFFSET_BITS=64 -D_GNU_SOURCE -I. -I/c/Users/vhtmf/source/repos/Acode-All/proot/src -I/c/Users/vhtmf/source/repos/ACODE-~1/scripts/logs/BUILD-~1/TALLOC~1 -DARG_MAX=131072 -Wno-error=implicit-function-declaration -Wall -Wextra -O2 "-DPROOT_UNBUNDLE_LOADER=\"/data/data/com.foxdebug.acode/files\"" -MD -c C:/Users/vhtmf/source/repos/Acode-All/proot/src/extension/fake_id0/socket.c -o extension/fake_id0/socket.o
  C:/PROGRA~2/Android/ANDROI~1/ndk/282~1.136/TOOLCH~1/llvm/prebuilt/WINDOW~1/bin/AA25BE~1.CMD --target=aarch64-linux-android28 --sysroot=C:/PROGRA~2/Android/ANDROI~1/ndk/282~1.136/TOOLCH~1/llvm/prebuilt/WINDOW~1/sysroot -D_FILE_OFFSET_BITS=64 -D_GNU_SOURCE -I. -I/c/Users/vhtmf/source/repos/Acode-All/proot/src -I/c/Users/vhtmf/source/repos/ACODE-~1/scripts/logs/BUILD-~1/TALLOC~1 -DARG_MAX=131072 -Wno-error=implicit-function-declaration -Wall -Wextra -O2 "-DPROOT_UNBUNDLE_LOADER=\"/data/data/com.foxdebug.acode/files\"" -MD -c C:/Users/vhtmf/source/repos/Acode-All/proot/src/extension/fake_id0/open.c -o extension/fake_id0/open.o
  C:/PROGRA~2/Android/ANDROI~1/ndk/282~1.136/TOOLCH~1/llvm/prebuilt/WINDOW~1/bin/AA25BE~1.CMD --target=aarch64-linux-android28 --sysroot=C:/PROGRA~2/Android/ANDROI~1/ndk/282~1.136/TOOLCH~1/llvm/prebuilt/WINDOW~1/sysroot -D_FILE_OFFSET_BITS=64 -D_GNU_SOURCE -I. -I/c/Users/vhtmf/source/repos/Acode-All/proot/src -I/c/Users/vhtmf/source/repos/ACODE-~1/scripts/logs/BUILD-~1/TALLOC~1 -DARG_MAX=131072 -Wno-error=implicit-function-declaration -Wall -Wextra -O2 "-DPROOT_UNBUNDLE_LOADER=\"/data/data/com.foxdebug.acode/files\"" -MD -c C:/Users/vhtmf/source/repos/Acode-All/proot/src/extension/fake_id0/unlink.c -o extension/fake_id0/unlink.o
  C:/PROGRA~2/Android/ANDROI~1/ndk/282~1.136/TOOLCH~1/llvm/prebuilt/WINDOW~1/bin/AA25BE~1.CMD --target=aarch64-linux-android28 --sysroot=C:/PROGRA~2/Android/ANDROI~1/ndk/282~1.136/TOOLCH~1/llvm/prebuilt/WINDOW~1/sysroot -D_FILE_OFFSET_BITS=64 -D_GNU_SOURCE -I. -I/c/Users/vhtmf/source/repos/Acode-All/proot/src -I/c/Users/vhtmf/source/repos/ACODE-~1/scripts/logs/BUILD-~1/TALLOC~1 -DARG_MAX=131072 -Wno-error=implicit-function-declaration -Wall -Wextra -O2 "-DPROOT_UNBUNDLE_LOADER=\"/data/data/com.foxdebug.acode/files\"" -MD -c C:/Users/vhtmf/source/repos/Acode-All/proot/src/extension/fake_id0/rename.c -o extension/fake_id0/rename.o
  C:/Users/vhtmf/source/repos/Acode-All/proot/src/extension/fake_id0/chroot.c:54:2: warning: ignoring return value of function declared with 'warn_unused_result' attribute [-Wunused-result]
     54 |         realpath(path, path_host_absolute);
        |         ^~~~~~~~ ~~~~~~~~~~~~~~~~~~~~~~~~
  1 warning generated.
  C:/PROGRA~2/Android/ANDROI~1/ndk/282~1.136/TOOLCH~1/llvm/prebuilt/WINDOW~1/bin/AA25BE~1.CMD --target=aarch64-linux-android28 --sysroot=C:/PROGRA~2/Android/ANDROI~1/ndk/282~1.136/TOOLCH~1/llvm/prebuilt/WINDOW~1/sysroot -D_FILE_OFFSET_BITS=64 -D_GNU_SOURCE -I. -I/c/Users/vhtmf/source/repos/Acode-All/proot/src -I/c/Users/vhtmf/source/repos/ACODE-~1/scripts/logs/BUILD-~1/TALLOC~1 -DARG_MAX=131072 -Wno-error=implicit-function-declaration -Wall -Wextra -O2 "-DPROOT_UNBUNDLE_LOADER=\"/data/data/com.foxdebug.acode/files\"" -MD -c C:/Users/vhtmf/source/repos/Acode-All/proot/src/extension/fake_id0/chmod.c -o extension/fake_id0/chmod.o
  C:/PROGRA~2/Android/ANDROI~1/ndk/282~1.136/TOOLCH~1/llvm/prebuilt/WINDOW~1/bin/AA25BE~1.CMD --target=aarch64-linux-android28 --sysroot=C:/PROGRA~2/Android/ANDROI~1/ndk/282~1.136/TOOLCH~1/llvm/prebuilt/WINDOW~1/sysroot -D_FILE_OFFSET_BITS=64 -D_GNU_SOURCE -I. -I/c/Users/vhtmf/source/repos/Acode-All/proot/src -I/c/Users/vhtmf/source/repos/ACODE-~1/scripts/logs/BUILD-~1/TALLOC~1 -DARG_MAX=131072 -Wno-error=implicit-function-declaration -Wall -Wextra -O2 "-DPROOT_UNBUNDLE_LOADER=\"/data/data/com.foxdebug.acode/files\"" -MD -c C:/Users/vhtmf/source/repos/Acode-All/proot/src/extension/fake_id0/utimensat.c -o extension/fake_id0/utimensat.o
  C:/PROGRA~2/Android/ANDROI~1/ndk/282~1.136/TOOLCH~1/llvm/prebuilt/WINDOW~1/bin/AA25BE~1.CMD --target=aarch64-linux-android28 --sysroot=C:/PROGRA~2/Android/ANDROI~1/ndk/282~1.136/TOOLCH~1/llvm/prebuilt/WINDOW~1/sysroot -D_FILE_OFFSET_BITS=64 -D_GNU_SOURCE -I. -I/c/Users/vhtmf/source/repos/Acode-All/proot/src -I/c/Users/vhtmf/source/repos/ACODE-~1/scripts/logs/BUILD-~1/TALLOC~1 -DARG_MAX=131072 -Wno-error=implicit-function-declaration -Wall -Wextra -O2 "-DPROOT_UNBUNDLE_LOADER=\"/data/data/com.foxdebug.acode/files\"" -MD -c C:/Users/vhtmf/source/repos/Acode-All/proot/src/extension/fake_id0/access.c -o extension/fake_id0/access.o
  C:/PROGRA~2/Android/ANDROI~1/ndk/282~1.136/TOOLCH~1/llvm/prebuilt/WINDOW~1/bin/AA25BE~1.CMD --target=aarch64-linux-android28 --sysroot=C:/PROGRA~2/Android/ANDROI~1/ndk/282~1.136/TOOLCH~1/llvm/prebuilt/WINDOW~1/sysroot -D_FILE_OFFSET_BITS=64 -D_GNU_SOURCE -I. -I/c/Users/vhtmf/source/repos/Acode-All/proot/src -I/c/Users/vhtmf/source/repos/ACODE-~1/scripts/logs/BUILD-~1/TALLOC~1 -DARG_MAX=131072 -Wno-error=implicit-function-declaration -Wall -Wextra -O2 "-DPROOT_UNBUNDLE_LOADER=\"/data/data/com.foxdebug.acode/files\"" -MD -c C:/Users/vhtmf/source/repos/Acode-All/proot/src/extension/fake_id0/exec.c -o extension/fake_id0/exec.o
  C:/PROGRA~2/Android/ANDROI~1/ndk/282~1.136/TOOLCH~1/llvm/prebuilt/WINDOW~1/bin/AA25BE~1.CMD --target=aarch64-linux-android28 --sysroot=C:/PROGRA~2/Android/ANDROI~1/ndk/282~1.136/TOOLCH~1/llvm/prebuilt/WINDOW~1/sysroot -D_FILE_OFFSET_BITS=64 -D_GNU_SOURCE -I. -I/c/Users/vhtmf/source/repos/Acode-All/proot/src -I/c/Users/vhtmf/source/repos/ACODE-~1/scripts/logs/BUILD-~1/TALLOC~1 -DARG_MAX=131072 -Wno-error=implicit-function-declaration -Wall -Wextra -O2 "-DPROOT_UNBUNDLE_LOADER=\"/data/data/com.foxdebug.acode/files\"" -MD -c C:/Users/vhtmf/source/repos/Acode-All/proot/src/extension/fake_id0/symlink.c -o extension/fake_id0/symlink.o
  C:/PROGRA~2/Android/ANDROI~1/ndk/282~1.136/TOOLCH~1/llvm/prebuilt/WINDOW~1/bin/AA25BE~1.CMD --target=aarch64-linux-android28 --sysroot=C:/PROGRA~2/Android/ANDROI~1/ndk/282~1.136/TOOLCH~1/llvm/prebuilt/WINDOW~1/sysroot -D_FILE_OFFSET_BITS=64 -D_GNU_SOURCE -I. -I/c/Users/vhtmf/source/repos/Acode-All/proot/src -I/c/Users/vhtmf/source/repos/ACODE-~1/scripts/logs/BUILD-~1/TALLOC~1 -DARG_MAX=131072 -Wno-error=implicit-function-declaration -Wall -Wextra -O2 "-DPROOT_UNBUNDLE_LOADER=\"/data/data/com.foxdebug.acode/files\"" -MD -c C:/Users/vhtmf/source/repos/Acode-All/proot/src/extension/fake_id0/link.c -o extension/fake_id0/link.o
  C:/PROGRA~2/Android/ANDROI~1/ndk/282~1.136/TOOLCH~1/llvm/prebuilt/WINDOW~1/bin/AA25BE~1.CMD --target=aarch64-linux-android28 --sysroot=C:/PROGRA~2/Android/ANDROI~1/ndk/282~1.136/TOOLCH~1/llvm/prebuilt/WINDOW~1/sysroot -D_FILE_OFFSET_BITS=64 -D_GNU_SOURCE -I. -I/c/Users/vhtmf/source/repos/Acode-All/proot/src -I/c/Users/vhtmf/source/repos/ACODE-~1/scripts/logs/BUILD-~1/TALLOC~1 -DARG_MAX=131072 -Wno-error=implicit-function-declaration -Wall -Wextra -O2 "-DPROOT_UNBUNDLE_LOADER=\"/data/data/com.foxdebug.acode/files\"" -MD -c C:/Users/vhtmf/source/repos/Acode-All/proot/src/extension/fake_id0/mk.c -o extension/fake_id0/mk.o
  C:/PROGRA~2/Android/ANDROI~1/ndk/282~1.136/TOOLCH~1/llvm/prebuilt/WINDOW~1/bin/AA25BE~1.CMD --target=aarch64-linux-android28 --sysroot=C:/PROGRA~2/Android/ANDROI~1/ndk/282~1.136/TOOLCH~1/llvm/prebuilt/WINDOW~1/sysroot -D_FILE_OFFSET_BITS=64 -D_GNU_SOURCE -I. -I/c/Users/vhtmf/source/repos/Acode-All/proot/src -I/c/Users/vhtmf/source/repos/ACODE-~1/scripts/logs/BUILD-~1/TALLOC~1 -DARG_MAX=131072 -Wno-error=implicit-function-declaration -Wall -Wextra -O2 "-DPROOT_UNBUNDLE_LOADER=\"/data/data/com.foxdebug.acode/files\"" -MD -c C:/Users/vhtmf/source/repos/Acode-All/proot/src/extension/fake_id0/stat.c -o extension/fake_id0/stat.o
  C:/PROGRA~2/Android/ANDROI~1/ndk/282~1.136/TOOLCH~1/llvm/prebuilt/WINDOW~1/bin/AA25BE~1.CMD --target=aarch64-linux-android28 --sysroot=C:/PROGRA~2/Android/ANDROI~1/ndk/282~1.136/TOOLCH~1/llvm/prebuilt/WINDOW~1/sysroot -D_FILE_OFFSET_BITS=64 -D_GNU_SOURCE -I. -I/c/Users/vhtmf/source/repos/Acode-All/proot/src -I/c/Users/vhtmf/source/repos/ACODE-~1/scripts/logs/BUILD-~1/TALLOC~1 -DARG_MAX=131072 -Wno-error=implicit-function-declaration -Wall -Wextra -O2 "-DPROOT_UNBUNDLE_LOADER=\"/data/data/com.foxdebug.acode/files\"" -MD -c C:/Users/vhtmf/source/repos/Acode-All/proot/src/extension/fake_id0/fake_id0.c -o extension/fake_id0/fake_id0.o
  C:/PROGRA~2/Android/ANDROI~1/ndk/282~1.136/TOOLCH~1/llvm/prebuilt/WINDOW~1/bin/AA25BE~1.CMD --target=aarch64-linux-android28 --sysroot=C:/PROGRA~2/Android/ANDROI~1/ndk/282~1.136/TOOLCH~1/llvm/prebuilt/WINDOW~1/sysroot -D_FILE_OFFSET_BITS=64 -D_GNU_SOURCE -I. -I/c/Users/vhtmf/source/repos/Acode-All/proot/src -I/c/Users/vhtmf/source/repos/ACODE-~1/scripts/logs/BUILD-~1/TALLOC~1 -DARG_MAX=131072 -Wno-error=implicit-function-declaration -Wall -Wextra -O2 "-DPROOT_UNBUNDLE_LOADER=\"/data/data/com.foxdebug.acode/files\"" -MD -c C:/Users/vhtmf/source/repos/Acode-All/proot/src/extension/fake_id0/helper_functions.c -o extension/fake_id0/helper_functions.o
  C:/PROGRA~2/Android/ANDROI~1/ndk/282~1.136/TOOLCH~1/llvm/prebuilt/WINDOW~1/bin/AA25BE~1.CMD --target=aarch64-linux-android28 --sysroot=C:/PROGRA~2/Android/ANDROI~1/ndk/282~1.136/TOOLCH~1/llvm/prebuilt/WINDOW~1/sysroot -D_FILE_OFFSET_BITS=64 -D_GNU_SOURCE -I. -I/c/Users/vhtmf/source/repos/Acode-All/proot/src -I/c/Users/vhtmf/source/repos/ACODE-~1/scripts/logs/BUILD-~1/TALLOC~1 -DARG_MAX=131072 -Wno-error=implicit-function-declaration -Wall -Wextra -O2 "-DPROOT_UNBUNDLE_LOADER=\"/data/data/com.foxdebug.acode/files\"" -MD -c C:/Users/vhtmf/source/repos/Acode-All/proot/src/extension/hidden_files/hidden_files.c -o extension/hidden_files/hidden_files.o
  C:/PROGRA~2/Android/ANDROI~1/ndk/282~1.136/TOOLCH~1/llvm/prebuilt/WINDOW~1/bin/AA25BE~1.CMD --target=aarch64-linux-android28 --sysroot=C:/PROGRA~2/Android/ANDROI~1/ndk/282~1.136/TOOLCH~1/llvm/prebuilt/WINDOW~1/sysroot -D_FILE_OFFSET_BITS=64 -D_GNU_SOURCE -I. -I/c/Users/vhtmf/source/repos/Acode-All/proot/src -I/c/Users/vhtmf/source/repos/ACODE-~1/scripts/logs/BUILD-~1/TALLOC~1 -DARG_MAX=131072 -Wno-error=implicit-function-declaration -Wall -Wextra -O2 "-DPROOT_UNBUNDLE_LOADER=\"/data/data/com.foxdebug.acode/files\"" -MD -c C:/Users/vhtmf/source/repos/Acode-All/proot/src/extension/mountinfo/mountinfo.c -o extension/mountinfo/mountinfo.o
  C:/PROGRA~2/Android/ANDROI~1/ndk/282~1.136/TOOLCH~1/llvm/prebuilt/WINDOW~1/bin/AA25BE~1.CMD --target=aarch64-linux-android28 --sysroot=C:/PROGRA~2/Android/ANDROI~1/ndk/282~1.136/TOOLCH~1/llvm/prebuilt/WINDOW~1/sysroot -D_FILE_OFFSET_BITS=64 -D_GNU_SOURCE -I. -I/c/Users/vhtmf/source/repos/Acode-All/proot/src -I/c/Users/vhtmf/source/repos/ACODE-~1/scripts/logs/BUILD-~1/TALLOC~1 -DARG_MAX=131072 -Wno-error=implicit-function-declaration -Wall -Wextra -O2 "-DPROOT_UNBUNDLE_LOADER=\"/data/data/com.foxdebug.acode/files\"" -MD -c C:/Users/vhtmf/source/repos/Acode-All/proot/src/extension/port_switch/port_switch.c -o extension/port_switch/port_switch.o
  C:/PROGRA~2/Android/ANDROI~1/ndk/282~1.136/TOOLCH~1/llvm/prebuilt/WINDOW~1/bin/AA25BE~1.CMD --target=aarch64-linux-android28 --sysroot=C:/PROGRA~2/Android/ANDROI~1/ndk/282~1.136/TOOLCH~1/llvm/prebuilt/WINDOW~1/sysroot -D_FILE_OFFSET_BITS=64 -D_GNU_SOURCE -I. -I/c/Users/vhtmf/source/repos/Acode-All/proot/src -I/c/Users/vhtmf/source/repos/ACODE-~1/scripts/logs/BUILD-~1/TALLOC~1 -DARG_MAX=131072 -Wno-error=implicit-function-declaration -Wall -Wextra -O2 "-DPROOT_UNBUNDLE_LOADER=\"/data/data/com.foxdebug.acode/files\"" -MD -c C:/Users/vhtmf/source/repos/Acode-All/proot/src/extension/sysvipc/sysvipc.c -o extension/sysvipc/sysvipc.o
  C:/PROGRA~2/Android/ANDROI~1/ndk/282~1.136/TOOLCH~1/llvm/prebuilt/WINDOW~1/bin/AA25BE~1.CMD --target=aarch64-linux-android28 --sysroot=C:/PROGRA~2/Android/ANDROI~1/ndk/282~1.136/TOOLCH~1/llvm/prebuilt/WINDOW~1/sysroot -D_FILE_OFFSET_BITS=64 -D_GNU_SOURCE -I. -I/c/Users/vhtmf/source/repos/Acode-All/proot/src -I/c/Users/vhtmf/source/repos/ACODE-~1/scripts/logs/BUILD-~1/TALLOC~1 -DARG_MAX=131072 -Wno-error=implicit-function-declaration -Wall -Wextra -O2 "-DPROOT_UNBUNDLE_LOADER=\"/data/data/com.foxdebug.acode/files\"" -MD -c C:/Users/vhtmf/source/repos/Acode-All/proot/src/extension/sysvipc/sysvipc_msg.c -o extension/sysvipc/sysvipc_msg.o
  C:/Users/vhtmf/source/repos/Acode-All/proot/src/extension/fake_id0/helper_functions.c:185:3: warning: misleading indentation; statement is not part of the previous 'else' [-Wmisleading-indentation]
    185 |                 emulated_gid = config->egid;
        |                 ^
  C:/Users/vhtmf/source/repos/Acode-All/proot/src/extension/fake_id0/helper_functions.c:183:2: note: previous statement is here
    183 |         else
        |         ^
  1 warning generated.
  C:/Users/vhtmf/source/repos/Acode-All/proot/src/extension/port_switch/port_switch.c:174:100: warning: sizeof on array function parameter will return size of 'long *' instead of 'long[]' [-Wsizeof-array-argument]
    174 |                     write_data(tracee, peek_reg(tracee, CURRENT, SYSARG_2), socketcall_arg2, sizeof(socketcall_arg2));
        |                                                                                                    ^
  C:/Users/vhtmf/source/repos/Acode-All/proot/src/extension/port_switch/port_switch.c:145:121: note: declared here
    145 | void mod_port(Tracee *tracee, bool is_socketcall, bool is_bind, bool is_udp, struct sockaddr_storage *my_sockaddr, long socketcall_arg2[]) {   
        |                                                                                                                         ^
  C:/Users/vhtmf/source/repos/Acode-All/proot/src/extension/port_switch/port_switch.c:182:100: warning: sizeof on array function parameter will return size of 'long *' instead of 'long[]' [-Wsizeof-array-argument]
    182 |                     write_data(tracee, peek_reg(tracee, CURRENT, SYSARG_2), socketcall_arg2, sizeof(socketcall_arg2));
        |                                                                                                    ^
  C:/Users/vhtmf/source/repos/Acode-All/proot/src/extension/port_switch/port_switch.c:145:121: note: declared here
    145 | void mod_port(Tracee *tracee, bool is_socketcall, bool is_bind, bool is_udp, struct sockaddr_storage *my_sockaddr, long socketcall_arg2[]) {   
        |                                                                                                                         ^
  C:/Users/vhtmf/source/repos/Acode-All/proot/src/extension/port_switch/port_switch.c:204:100: warning: sizeof on array function parameter will return size of 'long *' instead of 'long[]' [-Wsizeof-array-argument]
    204 |                     write_data(tracee, peek_reg(tracee, CURRENT, SYSARG_2), socketcall_arg2, sizeof(socketcall_arg2));
        |                                                                                                    ^
  C:/Users/vhtmf/source/repos/Acode-All/proot/src/extension/port_switch/port_switch.c:145:121: note: declared here
    145 | void mod_port(Tracee *tracee, bool is_socketcall, bool is_bind, bool is_udp, struct sockaddr_storage *my_sockaddr, long socketcall_arg2[]) {   
        |                                                                                                                         ^
  C:/Users/vhtmf/source/repos/Acode-All/proot/src/extension/port_switch/port_switch.c:212:100: warning: sizeof on array function parameter will return size of 'long *' instead of 'long[]' [-Wsizeof-array-argument]
    212 |                     write_data(tracee, peek_reg(tracee, CURRENT, SYSARG_2), socketcall_arg2, sizeof(socketcall_arg2));
        |                                                                                                    ^
  C:/Users/vhtmf/source/repos/Acode-All/proot/src/extension/port_switch/port_switch.c:145:121: note: declared here
    145 | void mod_port(Tracee *tracee, bool is_socketcall, bool is_bind, bool is_udp, struct sockaddr_storage *my_sockaddr, long socketcall_arg2[]) {   
        |                                                                                                                         ^
  C:/PROGRA~2/Android/ANDROI~1/ndk/282~1.136/TOOLCH~1/llvm/prebuilt/WINDOW~1/bin/AA25BE~1.CMD --target=aarch64-linux-android28 --sysroot=C:/PROGRA~2/Android/ANDROI~1/ndk/282~1.136/TOOLCH~1/llvm/prebuilt/WINDOW~1/sysroot -D_FILE_OFFSET_BITS=64 -D_GNU_SOURCE -I. -I/c/Users/vhtmf/source/repos/Acode-All/proot/src -I/c/Users/vhtmf/source/repos/ACODE-~1/scripts/logs/BUILD-~1/TALLOC~1 -DARG_MAX=131072 -Wno-error=implicit-function-declaration -Wall -Wextra -O2 "-DPROOT_UNBUNDLE_LOADER=\"/data/data/com.foxdebug.acode/files\"" -MD -c C:/Users/vhtmf/source/repos/Acode-All/proot/src/extension/sysvipc/sysvipc_sem.c -o extension/sysvipc/sysvipc_sem.o
  4 warnings generated.
  C:/PROGRA~2/Android/ANDROI~1/ndk/282~1.136/TOOLCH~1/llvm/prebuilt/WINDOW~1/bin/AA25BE~1.CMD --target=aarch64-linux-android28 --sysroot=C:/PROGRA~2/Android/ANDROI~1/ndk/282~1.136/TOOLCH~1/llvm/prebuilt/WINDOW~1/sysroot -D_FILE_OFFSET_BITS=64 -D_GNU_SOURCE -I. -I/c/Users/vhtmf/source/repos/Acode-All/proot/src -I/c/Users/vhtmf/source/repos/ACODE-~1/scripts/logs/BUILD-~1/TALLOC~1 -DARG_MAX=131072 -Wno-error=implicit-function-declaration -Wall -Wextra -O2 "-DPROOT_UNBUNDLE_LOADER=\"/data/data/com.foxdebug.acode/files\"" -MD -c C:/Users/vhtmf/source/repos/Acode-All/proot/src/extension/sysvipc/sysvipc_shm.c -o extension/sysvipc/sysvipc_shm.o
  C:/PROGRA~2/Android/ANDROI~1/ndk/282~1.136/TOOLCH~1/llvm/prebuilt/WINDOW~1/bin/AA25BE~1.CMD --target=aarch64-linux-android28 --sysroot=C:/PROGRA~2/Android/ANDROI~1/ndk/282~1.136/TOOLCH~1/llvm/prebuilt/WINDOW~1/sysroot -D_FILE_OFFSET_BITS=64 -D_GNU_SOURCE -I. -I/c/Users/vhtmf/source/repos/Acode-All/proot/src -I/c/Users/vhtmf/source/repos/ACODE-~1/scripts/logs/BUILD-~1/TALLOC~1 -DARG_MAX=131072 -Wno-error=implicit-function-declaration -Wall -Wextra -O2 "-DPROOT_UNBUNDLE_LOADER=\"/data/data/com.foxdebug.acode/files\"" -MD -c C:/Users/vhtmf/source/repos/Acode-All/proot/src/extension/link2symlink/link2symlink.c -o extension/link2symlink/link2symlink.o
  C:/PROGRA~2/Android/ANDROI~1/ndk/282~1.136/TOOLCH~1/llvm/prebuilt/WINDOW~1/bin/AA25BE~1.CMD --target=aarch64-linux-android28 --sysroot=C:/PROGRA~2/Android/ANDROI~1/ndk/282~1.136/TOOLCH~1/llvm/prebuilt/WINDOW~1/sysroot -D_FILE_OFFSET_BITS=64 -D_GNU_SOURCE -I. -I/c/Users/vhtmf/source/repos/Acode-All/proot/src -I/c/Users/vhtmf/source/repos/ACODE-~1/scripts/logs/BUILD-~1/TALLOC~1 -DARG_MAX=131072 -Wno-error=implicit-function-declaration -Wall -Wextra -O2 "-DPROOT_UNBUNDLE_LOADER=\"/data/data/com.foxdebug.acode/files\"" -MD -c C:/Users/vhtmf/source/repos/Acode-All/proot/src/extension/fix_symlink_size/fix_symlink_size.c -o extension/fix_symlink_size/fix_symlink_size.o
  C:/PROGRA~2/Android/ANDROI~1/ndk/282~1.136/TOOLCH~1/llvm/prebuilt/WINDOW~1/bin/ARDBAE~1.CMD --target=armv7a-linux-androideabi28 --sysroot=C:/PROGRA~2/Android/ANDROI~1/ndk/282~1.136/TOOLCH~1/llvm/prebuilt/WINDOW~1/sysroot -D_FILE_OFFSET_BITS=64 -D_GNU_SOURCE -I. -I/c/Users/vhtmf/source/repos/Acode-All/proot/src -I/c/Users/vhtmf/source/repos/ACODE-~1/scripts/logs/BUILD-~1/TALLOC~1 -DARG_MAX=131072 -Wno-error=implicit-function-declaration -Wall -Wextra -O2 "-DPROOT_UNBUNDLE_LOADER=\"/data/data/com.foxdebug.acode/files\""  -MD -c C:/Users/vhtmf/source/repos/Acode-All/proot/src/loader/loader.c -o loader/loader-m32.o -fPIC -ffreestanding 
  C:/PROGRA~2/Android/ANDROI~1/ndk/282~1.136/TOOLCH~1/llvm/prebuilt/WINDOW~1/bin/AA25BE~1.CMD --target=aarch64-linux-android28 --sysroot=C:/PROGRA~2/Android/ANDROI~1/ndk/282~1.136/TOOLCH~1/llvm/prebuilt/WINDOW~1/sysroot -D_FILE_OFFSET_BITS=64 -D_GNU_SOURCE -I. -I/c/Users/vhtmf/source/repos/Acode-All/proot/src -I/c/Users/vhtmf/source/repos/ACODE-~1/scripts/logs/BUILD-~1/TALLOC~1 -DARG_MAX=131072 -Wno-error=implicit-function-declaration -Wall -Wextra -O2 "-DPROOT_UNBUNDLE_LOADER=\"/data/data/com.foxdebug.acode/files\"" -MD -c C:/Users/vhtmf/source/repos/Acode-All/proot/src/loader/loader.c -o loader/loader.o -fPIC -ffreestanding 
  C:/PROGRA~2/Android/ANDROI~1/ndk/282~1.136/TOOLCH~1/llvm/prebuilt/WINDOW~1/bin/AA25BE~1.CMD --target=aarch64-linux-android28 --sysroot=C:/PROGRA~2/Android/ANDROI~1/ndk/282~1.136/TOOLCH~1/llvm/prebuilt/WINDOW~1/sysroot -D_FILE_OFFSET_BITS=64 -D_GNU_SOURCE -I. -I/c/Users/vhtmf/source/repos/Acode-All/proot/src -I/c/Users/vhtmf/source/repos/ACODE-~1/scripts/logs/BUILD-~1/TALLOC~1 -DARG_MAX=131072 -Wno-error=implicit-function-declaration -Wall -Wextra -O2 "-DPROOT_UNBUNDLE_LOADER=\"/data/data/com.foxdebug.acode/files\"" -MD -c C:/Users/vhtmf/source/repos/Acode-All/proot/src/loader/assembly.S -o loader/assembly.o -fPIC -ffreestanding 
  C:/PROGRA~2/Android/ANDROI~1/ndk/282~1.136/TOOLCH~1/llvm/prebuilt/WINDOW~1/bin/ARDBAE~1.CMD --target=armv7a-linux-androideabi28 --sysroot=C:/PROGRA~2/Android/ANDROI~1/ndk/282~1.136/TOOLCH~1/llvm/prebuilt/WINDOW~1/sysroot -D_FILE_OFFSET_BITS=64 -D_GNU_SOURCE -I. -I/c/Users/vhtmf/source/repos/Acode-All/proot/src -I/c/Users/vhtmf/source/repos/ACODE-~1/scripts/logs/BUILD-~1/TALLOC~1 -DARG_MAX=131072 -Wno-error=implicit-function-declaration -Wall -Wextra -O2 "-DPROOT_UNBUNDLE_LOADER=\"/data/data/com.foxdebug.acode/files\""  -MD -c C:/Users/vhtmf/source/repos/Acode-All/proot/src/loader/assembly.S -o loader/assembly-m32.o -fPIC -ffreestanding 
  echo "/* This file is auto-generated, edit at your own risk.  */" > build.h
  C:/Users/vhtmf/source/repos/Acode-All/proot/src/extension/sysvipc/sysvipc_shm.c:488:9: warning: variable 'shm_index' set but not used [-Wunused-but-set-variable]
    488 |         size_t shm_index;
        |                ^
  C:/Users/vhtmf/source/repos/Acode-All/proot/src/extension/sysvipc/sysvipc_shm.c:674:10: warning: 'mktemp' is deprecated: mktemp is unsafe, use mkstemp or tmpfile instead [-Wdeprecated-declarations]
    674 |                 (void) mktemp(path);
        |                        ^
  C:/PROGRA~2/Android/ANDROI~1/ndk/282~1.136/TOOLCH~1/llvm/prebuilt/WINDOW~1/sysroot/usr/include/stdlib.h:61:66: note: 'mktemp' has been explicitly marked deprecated here
     61 | char* _Nullable mktemp(char* _Nonnull __template) __attribute__((__deprecated__("mktemp is unsafe, use mkstemp or tmpfile instead")));
        |                                                                  ^
  echo "#ifndef BUILD_H"      >> build.h
  C:/Users/vhtmf/source/repos/Acode-All/proot/src/loader/loader.c:330:5: warning: inline asm clobber list contains reserved registers: SP, PC [-Winline-asm]
    330 |                                 BRANCC:/Users/vhtmf/source/repos/Acode-All/proot/src/loader/loader.c:330:5: warning: inline asm clobber list contains reserved registers: SP [-Winline-asm]
    330 |                                 BRANCH(stmt->start.stack_pointer, actual_entry);
        |                                 ^
  C:/Users/vhtmf/source/repos/Acode-All/proot/src/loader/assembly-arm64.h:32:3: note: expanded from macro 'BRANCH'
     32 |                 "// Restore initial stack pointer.      \n\t"   \
        |                 ^
  C:/Users/vhtmf/source/repos/Acode-All/proot/src/loader/loader.c:330:5: note: Reserved registers on the clobber list may not be preserved across the asm statement, and clobbering them may lead to undefined behaviour.
  C:/Users/vhtmf/source/repos/Acode-All/proot/src/loader/assembly-arm64.h:32:3: note: expanded from macro 'BRANCH'
     32 |                 "// Restore initial stack pointer.      \n\t"   \
        |                 ^
  2 warnings generated.
  H(stmt->start.stack_pointer, actual_entry);
        |                                 ^
  C:/Users/vhtmf/source/repos/Acode-All/proot/src/loader/assembly-arm.h:32:3: note: expanded from macro 'BRANCH'
     32 |                 "// Restore initial stack pointer.      \n\t"   \
        |                 ^
  C:/Users/vhtmf/source/repos/Acode-All/proot/src/loader/loader.c:330:5: note: Reserved registers on the clobber list may not be preserved across the asm statement, and clobbering them may lead to undefined behaviour.
  C:/Users/vhtmf/source/repos/Acode-All/proot/src/loader/assembly-arm.h:32:3: note: expanded from macro 'BRANCH'
     32 |                 "// Restore initial stack pointer.      \n\t"   \
        |                 ^
  1 warning generated.
  1 warning generated.
  C:/PROGRA~2/Android/ANDROI~1/ndk/282~1.136/TOOLCH~1/llvm/prebuilt/WINDOW~1/bin/AA25BE~1.CMD --target=aarch64-linux-android28 --sysroot=C:/PROGRA~2/Android/ANDROI~1/ndk/282~1.136/TOOLCH~1/llvm/prebuilt/WINDOW~1/sysroot -o loader/loader loader/loader.o loader/assembly.o -static -nostdlib -Wl,--build-id=none,-Ttext=0x2000000000,--rosegment,-z,noexecstack
  echo "#define BUILD_H"      >> build.h
  sh -c 'printf "#undef VERSION\n#define VERSION \"763f2e04-dirty\"\n";'    >> build.h
  C:/PROGRA~2/Android/ANDROI~1/ndk/282~1.136/TOOLCH~1/llvm/prebuilt/WINDOW~1/bin/ARDBAE~1.CMD --target=armv7a-linux-androideabi28 --sysroot=C:/PROGRA~2/Android/ANDROI~1/ndk/282~1.136/TOOLCH~1/llvm/prebuilt/WINDOW~1/sysroot  -o loader/loader-m32 loader/loader-m32.o loader/assembly-m32.o -static -nostdlib -Wl,--build-id=none,-Ttext=0x20000000,--rosegment,-z,noexecstack
  C:/PROGRA~2/Android/ANDROI~1/ndk/282~1.136/TOOLCH~1/llvm/prebuilt/WINDOW~1/bin/LLVM-R~2.EXE -s loader/loader | awk -f C:/Users/vhtmf/source/repos/Acode-All/proot/src//loader/loader-info.awk > loader/loader-info.c
  cat .check_process_vm.res .check_seccomp_filter.res                      >> build.h
  echo "#endif /* BUILD_H */" >> build.h
  C:/PROGRA~2/Android/ANDROI~1/ndk/282~1.136/TOOLCH~1/llvm/prebuilt/WINDOW~1/bin/AA25BE~1.CMD --target=aarch64-linux-android28 --sysroot=C:/PROGRA~2/Android/ANDROI~1/ndk/282~1.136/TOOLCH~1/llvm/prebuilt/WINDOW~1/sysroot -D_FILE_OFFSET_BITS=64 -D_GNU_SOURCE -I. -I/c/Users/vhtmf/source/repos/Acode-All/proot/src -I/c/Users/vhtmf/source/repos/ACODE-~1/scripts/logs/BUILD-~1/TALLOC~1 -DARG_MAX=131072 -Wno-error=implicit-function-declaration -Wall -Wextra -O2 "-DPROOT_UNBUNDLE_LOADER=\"/data/data/com.foxdebug.acode/files\"" -MD -c loader/loader-info.c -o loader/loader-info.o
  C:/PROGRA~2/Android/ANDROI~1/ndk/282~1.136/TOOLCH~1/llvm/prebuilt/WINDOW~1/bin/AA25BE~1.CMD --target=aarch64-linux-android28 --sysroot=C:/PROGRA~2/Android/ANDROI~1/ndk/282~1.136/TOOLCH~1/llvm/prebuilt/WINDOW~1/sysroot -D_FILE_OFFSET_BITS=64 -D_GNU_SOURCE -I. -I/c/Users/vhtmf/source/repos/Acode-All/proot/src -I/c/Users/vhtmf/source/repos/ACODE-~1/scripts/logs/BUILD-~1/TALLOC~1 -DARG_MAX=131072 -Wno-error=implicit-function-declaration -Wall -Wextra -O2 "-DPROOT_UNBUNDLE_LOADER=\"/data/data/com.foxdebug.acode/files\"" -MD -c C:/Users/vhtmf/source/repos/Acode-All/proot/src/execve/aoxp.c -o execve/aoxp.o
  C:/PROGRA~2/Android/ANDROI~1/ndk/282~1.136/TOOLCH~1/llvm/prebuilt/WINDOW~1/bin/AA25BE~1.CMD --target=aarch64-linux-android28 --sysroot=C:/PROGRA~2/Android/ANDROI~1/ndk/282~1.136/TOOLCH~1/llvm/prebuilt/WINDOW~1/sysroot -D_FILE_OFFSET_BITS=64 -D_GNU_SOURCE -I. -I/c/Users/vhtmf/source/repos/Acode-All/proot/src -I/c/Users/vhtmf/source/repos/ACODE-~1/scripts/logs/BUILD-~1/TALLOC~1 -DARG_MAX=131072 -Wno-error=implicit-function-declaration -Wall -Wextra -O2 "-DPROOT_UNBUNDLE_LOADER=\"/data/data/com.foxdebug.acode/files\"" -MD -c C:/Users/vhtmf/source/repos/Acode-All/proot/src/cli/cli.c -o cli/cli.o
  C:/PROGRA~2/Android/ANDROI~1/ndk/282~1.136/TOOLCH~1/llvm/prebuilt/WINDOW~1/bin/AA25BE~1.CMD --target=aarch64-linux-android28 --sysroot=C:/PROGRA~2/Android/ANDROI~1/ndk/282~1.136/TOOLCH~1/llvm/prebuilt/WINDOW~1/sysroot -D_FILE_OFFSET_BITS=64 -D_GNU_SOURCE -I. -I/c/Users/vhtmf/source/repos/Acode-All/proot/src -I/c/Users/vhtmf/source/repos/ACODE-~1/scripts/logs/BUILD-~1/TALLOC~1 -DARG_MAX=131072 -Wno-error=implicit-function-declaration -Wall -Wextra -O2 "-DPROOT_UNBUNDLE_LOADER=\"/data/data/com.foxdebug.acode/files\"" -MD -c C:/Users/vhtmf/source/repos/Acode-All/proot/src/cli/proot.c -o cli/proot.o
  C:/PROGRA~2/Android/ANDROI~1/ndk/282~1.136/TOOLCH~1/llvm/prebuilt/WINDOW~1/bin/AA25BE~1.CMD --target=aarch64-linux-android28 --sysroot=C:/PROGRA~2/Android/ANDROI~1/ndk/282~1.136/TOOLCH~1/llvm/prebuilt/WINDOW~1/sysroot -D_FILE_OFFSET_BITS=64 -D_GNU_SOURCE -I. -I/c/Users/vhtmf/source/repos/Acode-All/proot/src -I/c/Users/vhtmf/source/repos/ACODE-~1/scripts/logs/BUILD-~1/TALLOC~1 -DARG_MAX=131072 -Wno-error=implicit-function-declaration -Wall -Wextra -O2 "-DPROOT_UNBUNDLE_LOADER=\"/data/data/com.foxdebug.acode/files\"" -MD -c C:/Users/vhtmf/source/repos/Acode-All/proot/src/path/path.c -o path/path.o
  C:/PROGRA~2/Android/ANDROI~1/ndk/282~1.136/TOOLCH~1/llvm/prebuilt/WINDOW~1/bin/AA25BE~1.CMD --target=aarch64-linux-android28 --sysroot=C:/PROGRA~2/Android/ANDROI~1/ndk/282~1.136/TOOLCH~1/llvm/prebuilt/WINDOW~1/sysroot -D_FILE_OFFSET_BITS=64 -D_GNU_SOURCE -I. -I/c/Users/vhtmf/source/repos/Acode-All/proot/src -I/c/Users/vhtmf/source/repos/ACODE-~1/scripts/logs/BUILD-~1/TALLOC~1 -DARG_MAX=131072 -Wno-error=implicit-function-declaration -Wall -Wextra -O2 "-DPROOT_UNBUNDLE_LOADER=\"/data/data/com.foxdebug.acode/files\"" -MD -c C:/Users/vhtmf/source/repos/Acode-All/proot/src/syscall/seccomp.c -o syscall/seccomp.o
  C:/PROGRA~2/Android/ANDROI~1/ndk/282~1.136/TOOLCH~1/llvm/prebuilt/WINDOW~1/bin/AA25BE~1.CMD --target=aarch64-linux-android28 --sysroot=C:/PROGRA~2/Android/ANDROI~1/ndk/282~1.136/TOOLCH~1/llvm/prebuilt/WINDOW~1/sysroot -D_FILE_OFFSET_BITS=64 -D_GNU_SOURCE -I. -I/c/Users/vhtmf/source/repos/Acode-All/proot/src -I/c/Users/vhtmf/source/repos/ACODE-~1/scripts/logs/BUILD-~1/TALLOC~1 -DARG_MAX=131072 -Wno-error=implicit-function-declaration -Wall -Wextra -O2 "-DPROOT_UNBUNDLE_LOADER=\"/data/data/com.foxdebug.acode/files\"" -MD -c C:/Users/vhtmf/source/repos/Acode-All/proot/src/tracee/mem.c -o tracee/mem.o
  C:/PROGRA~2/Android/ANDROI~1/ndk/282~1.136/TOOLCH~1/llvm/prebuilt/WINDOW~1/bin/AA25BE~1.CMD --target=aarch64-linux-android28 --sysroot=C:/PROGRA~2/Android/ANDROI~1/ndk/282~1.136/TOOLCH~1/llvm/prebuilt/WINDOW~1/sysroot -D_FILE_OFFSET_BITS=64 -D_GNU_SOURCE -I. -I/c/Users/vhtmf/source/repos/Acode-All/proot/src -I/c/Users/vhtmf/source/repos/ACODE-~1/scripts/logs/BUILD-~1/TALLOC~1 -DARG_MAX=131072 -Wno-error=implicit-function-declaration -Wall -Wextra -O2 "-DPROOT_UNBUNDLE_LOADER=\"/data/data/com.foxdebug.acode/files\"" -MD -c C:/Users/vhtmf/source/repos/Acode-All/proot/src/extension/extension.c -o extension/extension.o
  C:/Users/vhtmf/source/repos/Acode-All/proot/src/cli/cli.c:572:14: warning: unused variable 'pointers' [-Wunused-variable]
    572 |         void *const pointers[] = { this_function, call_site };
        |                     ^~~~~~~~
  1 warning generated.
  C:/PROGRA~2/Android/ANDROI~1/ndk/282~1.136/TOOLCH~1/llvm/prebuilt/WINDOW~1/bin/AA25BE~1.CMD --target=aarch64-linux-android28 --sysroot=C:/PROGRA~2/Android/ANDROI~1/ndk/282~1.136/TOOLCH~1/llvm/prebuilt/WINDOW~1/sysroot -o proot cli/cli.o cli/proot.o cli/note.o execve/enter.o execve/exit.o execve/shebang.o execve/elf.o execve/ldso.o execve/auxv.o execve/aoxp.o path/binding.o path/glue.o path/canon.o path/f2fs-bug.o path/path.o path/proc.o path/temp.o syscall/seccomp.o syscall/syscall.o syscall/chain.o syscall/enter.o syscall/exit.o syscall/sysnum.o syscall/socket.o syscall/heap.o syscall/rlimit.o tracee/tracee.o tracee/mem.o tracee/reg.o tracee/event.o tracee/seccomp.o tracee/statx.o ptrace/ptrace.o ptrace/user.o ptrace/wait.o extension/extension.o extension/ashmem_memfd/ashmem_memfd.o extension/kompat/kompat.o extension/fake_id0/chown.o extension/fake_id0/chroot.o extension/fake_id0/getsockopt.o extension/fake_id0/sendmsg.o extension/fake_id0/socket.o extension/fake_id0/open.o extension/fake_id0/unlink.o extension/fake_id0/rename.o extension/fake_id0/chmod.o extension/fake_id0/utimensat.o extension/fake_id0/access.o extension/fake_id0/exec.o extension/fake_id0/link.o extension/fake_id0/symlink.o extension/fake_id0/mk.o extension/fake_id0/stat.o extension/fake_id0/helper_functions.o extension/fake_id0/fake_id0.o extension/hidden_files/hidden_files.o extension/mountinfo/mountinfo.o extension/port_switch/port_switch.o extension/sysvipc/sysvipc.o extension/sysvipc/sysvipc_msg.o extension/sysvipc/sysvipc_sem.o extension/sysvipc/sysvipc_shm.o extension/link2symlink/link2symlink.o extension/fix_symlink_size/fix_symlink_size.o loader/loader-info.o -LC:/Users/vhtmf/source/repos/ACODE-~1/Acode/src/plugins/proot/libs/arm64 -ltalloc -Wl,-z,noexecstack
  ✓ proot: 218.9 KB, loader: 17.9 KB
  ✓ loader32: 6 KB
  ✓ proot arm64 编译完成
  ✓ 已清空调试服务器输出日志

▶ 安装 Node.js 依赖
